67.195.111.252 - - [01/Feb/2010:13:49:35 -0800] "GET / HTTP/1.0" 200 286 "-" "Mozilla/5.0 (compatible; Yahoo! Slurp/3.0; http://help.yahoo.com/help/us/ysearch/slurp)"
216.129.119.11 - - [02/Feb/2010:02:44:54 -0800] "GET /robots.txt HTTP/1.0" 200 287 "-" "Mozilla/5.0 (Twiceler-0.9 http://www.cuil.com/twiceler/robot.html)"
72.30.65.38 - - [02/Feb/2010:16:10:47 -0800] "GET /robots.txt HTTP/1.0" 200 287 "-" "Mozilla/5.0 (compatible; Yahoo! Slurp; http://help.yahoo.com/help/us/ysearch/slurp)"
72.30.65.38 - - [02/Feb/2010:16:10:48 -0800] "GET / HTTP/1.0" 200 286 "-" "Mozilla/5.0 (compatible; Yahoo! Slurp; http://help.yahoo.com/help/us/ysearch/slurp)"
216.129.119.11 - - [03/Feb/2010:01:15:26 -0800] "GET /robots.txt HTTP/1.0" 200 287 "-" "Mozilla/5.0 (Twiceler-0.9 http://www.cuil.com/twiceler/robot.html)"
174.129.94.229 - - [03/Feb/2010:04:43:57 -0800] "GET /robots.txt HTTP/1.0" 200 287 "-" "SheenBot/SheenBot-1.0.3 (Sheen web crawler)"
174.129.94.229 - - [03/Feb/2010:04:43:57 -0800] "GET / HTTP/1.0" 200 286 "-" "SheenBot/SheenBot-1.0.3 (Sheen web crawler)"
66.249.71.203 - - [03/Feb/2010:05:49:24 -0800] "GET /robots.txt HTTP/1.1" 200 287 "-" "Mozilla/5.0 (compatible; Googlebot/2.1; +http://www.google.com/bot.html)"
66.249.71.203 - - [03/Feb/2010:05:49:24 -0800] "GET / HTTP/1.1" 200 286 "-" "Mozilla/5.0 (compatible; Googlebot/2.1; +http://www.google.com/bot.html)"
216.129.119.11 - - [04/Feb/2010:01:19:39 -0800] "GET /robots.txt HTTP/1.0" 200 287 "-" "Mozilla/5.0 (Twiceler-0.9 http://www.cuil.com/twiceler/robot.html)"
66.249.71.203 - - [04/Feb/2010:01:48:05 -0800] "GET / HTTP/1.1" 200 286 "-" "Mozilla/5.0 (compatible; Googlebot/2.1; +http://www.google.com/bot.html)"
216.129.119.11 - - [04/Feb/2010:10:52:55 -0800] "GET / HTTP/1.0" 200 286 "-" "Mozilla/5.0 (Twiceler-0.9 http://www.cuil.com/twiceler/robot.html)"
174.133.7.26 - - [04/Feb/2010:17:18:43 -0800] "GET / HTTP/1.1" 200 265 "-" "Mozilla/4.0 (compatible; MSIE 6.0; Windows NT 5.0; .NET CLR 1.0.3705)"
216.129.119.11 - - [05/Feb/2010:00:04:17 -0800] "GET /robots.txt HTTP/1.0" 200 287 "-" "Mozilla/5.0 (Twiceler-0.9 http://www.cuil.com/twiceler/robot.html)"
174.1.141.36 - - [05/Feb/2010:09:33:19 -0800] "GET / HTTP/1.1" 200 286 "http://eric.muyser.com/websites/" "Mozilla/5.0 (Windows; U; Windows NT 5.2; en-US; rv:1.9.1.7) Gecko/20091221 Firefox/3.5.7"
174.1.141.36 - - [05/Feb/2010:09:33:20 -0800] "GET /favicon.ico HTTP/1.1" 200 286 "-" "Mozilla/5.0 (Windows; U; Windows NT 5.2; en-US; rv:1.9.1.7) Gecko/20091221 Firefox/3.5.7"
174.1.141.36 - - [05/Feb/2010:09:33:20 -0800] "GET /favicon.ico HTTP/1.1" 200 286 "-" "Mozilla/5.0 (Windows; U; Windows NT 5.2; en-US; rv:1.9.1.7) Gecko/20091221 Firefox/3.5.7"
78.134.76.250 - - [05/Feb/2010:10:09:29 -0800] "GET / HTTP/1.1" 403 460 "http://eric.muyser.com/projects/" "Mozilla/5.0 (Macintosh; U; PPC Mac OS X 10.5; it; rv:1.9.1.7) Gecko/20091221 Firefox/3.5.7"
78.134.76.250 - - [05/Feb/2010:10:09:29 -0800] "GET /favicon.ico HTTP/1.1" 404 464 "-" "Mozilla/5.0 (Macintosh; U; PPC Mac OS X 10.5; it; rv:1.9.1.7) Gecko/20091221 Firefox/3.5.7"
78.134.76.250 - - [05/Feb/2010:10:09:32 -0800] "GET /favicon.ico HTTP/1.1" 404 464 "-" "Mozilla/5.0 (Macintosh; U; PPC Mac OS X 10.5; it; rv:1.9.1.7) Gecko/20091221 Firefox/3.5.7"
72.30.65.38 - - [05/Feb/2010:16:15:12 -0800] "GET /robots.txt HTTP/1.0" 404 466 "-" "Mozilla/5.0 (compatible; Yahoo! Slurp; http://help.yahoo.com/help/us/ysearch/slurp)"
72.30.65.38 - - [05/Feb/2010:16:15:12 -0800] "GET / HTTP/1.0" 403 463 "-" "Mozilla/5.0 (compatible; Yahoo! Slurp; http://help.yahoo.com/help/us/ysearch/slurp)"
216.129.119.11 - - [07/Feb/2010:00:07:18 -0800] "GET /robots.txt HTTP/1.0" 404 463 "-" "Mozilla/5.0 (Twiceler-0.9 http://www.cuil.com/twiceler/robot.html)"
66.249.71.203 - - [07/Feb/2010:06:19:45 -0800] "GET /robots.txt HTTP/1.1" 404 463 "-" "Mozilla/5.0 (compatible; Googlebot/2.1; +http://www.google.com/bot.html)"
66.249.71.203 - - [07/Feb/2010:06:19:45 -0800] "GET / HTTP/1.1" 403 460 "-" "Mozilla/5.0 (compatible; Googlebot/2.1; +http://www.google.com/bot.html)"
38.100.41.105 - - [07/Feb/2010:12:02:07 -0800] "GET / HTTP/1.1" 403 484 "-" "Mozilla/4.0 (compatible; MSIE 7.0;  Windows NT 5.2)"
67.195.112.249 - - [08/Feb/2010:13:53:43 -0800] "GET /robots.txt HTTP/1.0" 404 463 "-" "Mozilla/5.0 (compatible; Yahoo! Slurp; http://help.yahoo.com/help/us/ysearch/slurp)"
67.195.112.249 - - [08/Feb/2010:13:53:44 -0800] "GET / HTTP/1.0" 403 460 "-" "Mozilla/5.0 (compatible; Yahoo! Slurp/3.0; http://help.yahoo.com/help/us/ysearch/slurp)"
72.30.142.221 - - [08/Feb/2010:16:16:36 -0800] "GET /robots.txt HTTP/1.0" 404 466 "-" "Mozilla/5.0 (compatible; Yahoo! Slurp; http://help.yahoo.com/help/us/ysearch/slurp)"
72.30.142.221 - - [08/Feb/2010:16:16:36 -0800] "GET / HTTP/1.0" 403 463 "-" "Mozilla/5.0 (compatible; Yahoo! Slurp; http://help.yahoo.com/help/us/ysearch/slurp)"
64.246.161.30 - - [08/Feb/2010:16:22:56 -0800] "GET /robots.txt HTTP/1.0" 404 490 "-" "Mozilla/5.0 (Windows; U; Windows NT 5.1; en; rv:1.9.0.13) Gecko/2009073022 Firefox/3.5.2 (.NET CLR 3.5.30729) SurveyBot/2.3 (DomainTools)"
64.246.161.30 - - [08/Feb/2010:16:22:57 -0800] "GET / HTTP/1.1" 403 463 "http://whois.domaintools.com/web2f.com" "Mozilla/5.0 (Windows; U; Windows NT 5.1; en; rv:1.9.0.13) Gecko/2009073022 Firefox/3.5.2 (.NET CLR 3.5.30729) SurveyBot/2.3 (DomainTools)"
216.129.119.11 - - [09/Feb/2010:00:49:41 -0800] "GET /robots.txt HTTP/1.0" 404 463 "-" "Mozilla/5.0 (Twiceler-0.9 http://www.cuil.com/twiceler/robot.html)"
85.181.146.151 - - [09/Feb/2010:07:21:16 -0800] "GET / HTTP/1.1" 403 460 "http://eric.muyser.com/projects/" "Mozilla/5.0 (Windows; U; Windows NT 6.1; de; rv:1.9.2) Gecko/20100115 Firefox/3.6"
85.181.146.151 - - [09/Feb/2010:07:21:16 -0800] "GET /favicon.ico HTTP/1.1" 404 464 "-" "Mozilla/5.0 (Windows; U; Windows NT 6.1; de; rv:1.9.2) Gecko/20100115 Firefox/3.6"
85.181.146.151 - - [09/Feb/2010:07:21:17 -0800] "GET /favicon.ico HTTP/1.1" 404 464 "-" "Mozilla/5.0 (Windows; U; Windows NT 6.1; de; rv:1.9.2) Gecko/20100115 Firefox/3.6"
85.181.146.151 - - [09/Feb/2010:07:21:17 -0800] "GET /favicon.ico HTTP/1.1" 404 464 "-" "Mozilla/5.0 (Windows; U; Windows NT 6.1; de; rv:1.9.2) Gecko/20100115 Firefox/3.6"
94.127.145.64 - - [09/Feb/2010:08:33:50 -0800] "GET /favicon.ico HTTP/1.0" 404 464 "-" "Mozilla/5.0 (Windows; U; Windows NT 6.1; ru; rv:1.9.1.7) Gecko/20091221 Firefox/3.5.7 GTBDFff GTB7.0"
66.249.71.203 - - [09/Feb/2010:09:17:31 -0800] "GET /robots.txt HTTP/1.1" 404 463 "-" "Mozilla/5.0 (compatible; Googlebot/2.1; +http://www.google.com/bot.html)"
66.249.71.203 - - [09/Feb/2010:09:17:31 -0800] "GET / HTTP/1.1" 403 460 "-" "Mozilla/5.0 (compatible; Googlebot/2.1; +http://www.google.com/bot.html)"
216.129.119.11 - - [10/Feb/2010:00:07:19 -0800] "GET /robots.txt HTTP/1.0" 404 463 "-" "Mozilla/5.0 (Twiceler-0.9 http://www.cuil.com/twiceler/robot.html)"
216.129.119.11 - - [11/Feb/2010:00:20:39 -0800] "GET /robots.txt HTTP/1.1" 404 463 "-" "Mozilla/5.0 (Twiceler-0.9 http://www.cuil.com/twiceler/robot.html)"
219.143.225.3 - - [11/Feb/2010:10:25:08 -0800] "HEAD / HTTP/1.0" 403 182 "-" "Mozilla/4.0(compatible;MSIE 5.00;Windows 98)"
184.73.2.116 - - [11/Feb/2010:14:46:14 -0800] "GET /robots.txt HTTP/1.0" 404 463 "-" "taptubot *** please read http://www.taptu.com/corp/taptubot ***"
184.73.2.116 - - [11/Feb/2010:14:46:15 -0800] "GET / HTTP/1.0" 403 460 "-" "Mozilla/5.0 (iPhone; U; CPU like Mac OS X; en) AppleWebKit/420+ (KHTML, like Gecko) Version/3.0 Mobile/1A543a Safari/419.3"
184.73.2.116 - - [11/Feb/2010:14:46:26 -0800] "GET / HTTP/1.0" 403 463 "-" "Mozilla/5.0 (iPhone; U; CPU like Mac OS X; en) AppleWebKit/420+ (KHTML, like Gecko) Version/3.0 Mobile/1A543a Safari/419.3"
184.73.2.116 - - [11/Feb/2010:14:46:33 -0800] "GET /iphone/ HTTP/1.0" 404 464 "-" "Mozilla/5.0 (iPhone; U; CPU like Mac OS X; en) AppleWebKit/420+ (KHTML, like Gecko) Version/3.0 Mobile/1A543a Safari/419.3"
184.73.2.116 - - [11/Feb/2010:14:46:34 -0800] "GET /mobile/ HTTP/1.0" 404 464 "-" "Mozilla/5.0 (iPhone; U; CPU like Mac OS X; en) AppleWebKit/420+ (KHTML, like Gecko) Version/3.0 Mobile/1A543a Safari/419.3"
184.73.2.116 - - [11/Feb/2010:14:46:48 -0800] "GET /m/ HTTP/1.0" 404 461 "-" "Mozilla/5.0 (iPhone; U; CPU like Mac OS X; en) AppleWebKit/420+ (KHTML, like Gecko) Version/3.0 Mobile/1A543a Safari/419.3"
184.73.2.116 - - [11/Feb/2010:14:46:48 -0800] "GET /mobi/ HTTP/1.0" 404 463 "-" "Mozilla/5.0 (iPhone; U; CPU like Mac OS X; en) AppleWebKit/420+ (KHTML, like Gecko) Version/3.0 Mobile/1A543a Safari/419.3"
72.30.142.221 - - [11/Feb/2010:16:21:04 -0800] "GET /robots.txt HTTP/1.0" 404 466 "-" "Mozilla/5.0 (compatible; Yahoo! Slurp; http://help.yahoo.com/help/us/ysearch/slurp)"
72.30.142.221 - - [11/Feb/2010:16:21:04 -0800] "GET / HTTP/1.0" 403 463 "-" "Mozilla/5.0 (compatible; Yahoo! Slurp; http://help.yahoo.com/help/us/ysearch/slurp)"
74.52.245.146 - - [11/Feb/2010:18:58:34 -0800] "GET / HTTP/1.0" 403 484 "-" "Mozilla/5.0 (X11; U; Linux i686; en-US; rv:1.7.5) Gecko/20041107 Firefox/1.0"
66.249.71.154 - - [11/Feb/2010:20:44:53 -0800] "GET /robots.txt HTTP/1.1" 404 463 "-" "Mozilla/5.0 (compatible; Googlebot/2.1; +http://www.google.com/bot.html)"
66.249.71.154 - - [11/Feb/2010:20:44:53 -0800] "GET / HTTP/1.1" 403 460 "-" "Mozilla/5.0 (compatible; Googlebot/2.1; +http://www.google.com/bot.html)"
216.129.119.11 - - [12/Feb/2010:00:45:58 -0800] "GET /robots.txt HTTP/1.1" 404 463 "-" "Mozilla/5.0 (Twiceler-0.9 http://www.cuil.com/twiceler/robot.html)"
88.131.106.31 - - [12/Feb/2010:19:26:00 -0800] "GET /robots.txt HTTP/1.0" 404 463 "-" "Speedy Spider (http://www.entireweb.com/about/search_tech/speedy_spider/)"
88.131.106.31 - - [12/Feb/2010:19:26:01 -0800] "GET / HTTP/1.0" 403 460 "-" "Speedy Spider (http://www.entireweb.com/about/search_tech/speedy_spider/)"
216.129.119.11 - - [13/Feb/2010:04:09:11 -0800] "GET /robots.txt HTTP/1.1" 404 463 "-" "Mozilla/5.0 (Twiceler-0.9 http://www.cuil.com/twiceler/robot.html)"
216.129.119.11 - - [14/Feb/2010:00:46:26 -0800] "GET /robots.txt HTTP/1.1" 404 463 "-" "Mozilla/5.0 (Twiceler-0.9 http://www.cuil.com/twiceler/robot.html)"
189.124.66.155 - - [14/Feb/2010:10:23:17 -0800] "GET / HTTP/1.1" 403 460 "http://eric.muyser.com/projects/" "Mozilla/5.0 (Windows; U; Windows NT 6.0; pt-BR; rv:1.9.2) Gecko/20100115 Firefox/3.6 (.NET CLR 3.5.30729)"
189.124.66.155 - - [14/Feb/2010:10:23:17 -0800] "GET /favicon.ico HTTP/1.1" 404 464 "-" "Mozilla/5.0 (Windows; U; Windows NT 6.0; pt-BR; rv:1.9.2) Gecko/20100115 Firefox/3.6 (.NET CLR 3.5.30729)"
72.30.142.221 - - [14/Feb/2010:16:25:06 -0800] "GET /robots.txt HTTP/1.0" 404 466 "-" "Mozilla/5.0 (compatible; Yahoo! Slurp; http://help.yahoo.com/help/us/ysearch/slurp)"
72.30.142.221 - - [14/Feb/2010:16:25:13 -0800] "GET / HTTP/1.0" 403 463 "-" "Mozilla/5.0 (compatible; Yahoo! Slurp; http://help.yahoo.com/help/us/ysearch/slurp)"
67.195.111.221 - - [15/Feb/2010:00:45:08 -0800] "GET /robots.txt HTTP/1.0" 404 466 "-" "Mozilla/5.0 (compatible; Yahoo! Slurp; http://help.yahoo.com/help/us/ysearch/slurp)"
67.195.111.221 - - [15/Feb/2010:00:45:08 -0800] "GET / HTTP/1.0" 403 463 "-" "Mozilla/5.0 (compatible; Yahoo! Slurp/3.0; http://help.yahoo.com/help/us/ysearch/slurp)"
216.129.119.11 - - [15/Feb/2010:00:49:42 -0800] "GET /robots.txt HTTP/1.1" 404 463 "-" "Mozilla/5.0 (Twiceler-0.9 http://www.cuil.com/twiceler/robot.html)"
67.195.112.249 - - [15/Feb/2010:14:12:51 -0800] "GET /robots.txt HTTP/1.0" 404 463 "-" "Mozilla/5.0 (compatible; Yahoo! Slurp; http://help.yahoo.com/help/us/ysearch/slurp)"
67.195.112.249 - - [15/Feb/2010:14:12:51 -0800] "GET / HTTP/1.0" 403 460 "-" "Mozilla/5.0 (compatible; Yahoo! Slurp/3.0; http://help.yahoo.com/help/us/ysearch/slurp)"
69.58.178.32 - - [15/Feb/2010:14:45:12 -0800] "GET /robots.txt HTTP/1.1" 404 490 "-" "Mozilla/5.0 (X11; U; Linux i686; en-US; rv:1.9.1.3; ips-agent) Gecko/20090824 Fedora/1.0.7-1.1.fc4  Firefox/3.5.3"
69.58.178.32 - - [15/Feb/2010:14:45:14 -0800] "GET / HTTP/1.1" 403 484 "-" "Mozilla/5.0 (X11; U; Linux i686; en-US; rv:1.9.1.3; ips-agent) Gecko/20090824 Fedora/1.0.7-1.1.fc4  Firefox/3.5.3"
69.58.178.32 - - [15/Feb/2010:14:45:15 -0800] "GET / HTTP/1.1" 403 484 "-" "Mozilla/5.0 (X11; U; Linux i686; en-US; rv:1.9.1.3; ips-agent) Gecko/20090824 Fedora/1.0.7-1.1.fc4  Firefox/3.5.3"
216.129.119.11 - - [16/Feb/2010:00:39:11 -0800] "GET /robots.txt HTTP/1.1" 404 463 "-" "Mozilla/5.0 (Twiceler-0.9 http://www.cuil.com/twiceler/robot.html)"
219.108.34.109 - - [16/Feb/2010:07:26:02 -0800] "GET / HTTP/1.1" 403 484 "-" "Mozilla/4.0 (compatible; MSIE 6.0; Windows XP)"
216.129.119.11 - - [17/Feb/2010:00:39:51 -0800] "GET /robots.txt HTTP/1.1" 404 463 "-" "Mozilla/5.0 (Twiceler-0.9 http://www.cuil.com/twiceler/robot.html)"
